Archive member included to satisfy reference by file (symbol)

d:/stm32cubeide_1.7.0/stm32cubeide/plugins/com.st.stm32cube.ide.mcu.externaltools.gnu-tools-for-stm32.10.3-2021.10.win32_1.0.0.202111181127/tools/bin/../lib/gcc/arm-none-eabi/10.3.1/../../../../arm-none-eabi/lib/thumb/v7-m/nofp\libc_nano.a(lib_a-errno.o)
                              ./Core/Src/syscalls.o (__errno)
d:/stm32cubeide_1.7.0/stm32cubeide/plugins/com.st.stm32cube.ide.mcu.externaltools.gnu-tools-for-stm32.10.3-2021.10.win32_1.0.0.202111181127/tools/bin/../lib/gcc/arm-none-eabi/10.3.1/../../../../arm-none-eabi/lib/thumb/v7-m/nofp\libc_nano.a(lib_a-exit.o)
                              d:/stm32cubeide_1.7.0/stm32cubeide/plugins/com.st.stm32cube.ide.mcu.externaltools.gnu-tools-for-stm32.10.3-2021.10.win32_1.0.0.202111181127/tools/bin/../lib/gcc/arm-none-eabi/10.3.1/../../../../arm-none-eabi/lib/thumb/v7-m/nofp/crt0.o (exit)
d:/stm32cubeide_1.7.0/stm32cubeide/plugins/com.st.stm32cube.ide.mcu.externaltools.gnu-tools-for-stm32.10.3-2021.10.win32_1.0.0.202111181127/tools/bin/../lib/gcc/arm-none-eabi/10.3.1/../../../../arm-none-eabi/lib/thumb/v7-m/nofp\libc_nano.a(lib_a-impure.o)
                              d:/stm32cubeide_1.7.0/stm32cubeide/plugins/com.st.stm32cube.ide.mcu.externaltools.gnu-tools-for-stm32.10.3-2021.10.win32_1.0.0.202111181127/tools/bin/../lib/gcc/arm-none-eabi/10.3.1/../../../../arm-none-eabi/lib/thumb/v7-m/nofp\libc_nano.a(lib_a-exit.o) (_global_impure_ptr)
d:/stm32cubeide_1.7.0/stm32cubeide/plugins/com.st.stm32cube.ide.mcu.externaltools.gnu-tools-for-stm32.10.3-2021.10.win32_1.0.0.202111181127/tools/bin/../lib/gcc/arm-none-eabi/10.3.1/../../../../arm-none-eabi/lib/thumb/v7-m/nofp\libc_nano.a(lib_a-init.o)
                              d:/stm32cubeide_1.7.0/stm32cubeide/plugins/com.st.stm32cube.ide.mcu.externaltools.gnu-tools-for-stm32.10.3-2021.10.win32_1.0.0.202111181127/tools/bin/../lib/gcc/arm-none-eabi/10.3.1/../../../../arm-none-eabi/lib/thumb/v7-m/nofp/crt0.o (__libc_init_array)
d:/stm32cubeide_1.7.0/stm32cubeide/plugins/com.st.stm32cube.ide.mcu.externaltools.gnu-tools-for-stm32.10.3-2021.10.win32_1.0.0.202111181127/tools/bin/../lib/gcc/arm-none-eabi/10.3.1/../../../../arm-none-eabi/lib/thumb/v7-m/nofp\libc_nano.a(lib_a-memset.o)
                              d:/stm32cubeide_1.7.0/stm32cubeide/plugins/com.st.stm32cube.ide.mcu.externaltools.gnu-tools-for-stm32.10.3-2021.10.win32_1.0.0.202111181127/tools/bin/../lib/gcc/arm-none-eabi/10.3.1/../../../../arm-none-eabi/lib/thumb/v7-m/nofp/crt0.o (memset)

Discarded input sections

 .text          0x0000000000000000        0x0 d:/stm32cubeide_1.7.0/stm32cubeide/plugins/com.st.stm32cube.ide.mcu.externaltools.gnu-tools-for-stm32.10.3-2021.10.win32_1.0.0.202111181127/tools/bin/../lib/gcc/arm-none-eabi/10.3.1/thumb/v7-m/nofp/crti.o
 .data          0x0000000000000000        0x0 d:/stm32cubeide_1.7.0/stm32cubeide/plugins/com.st.stm32cube.ide.mcu.externaltools.gnu-tools-for-stm32.10.3-2021.10.win32_1.0.0.202111181127/tools/bin/../lib/gcc/arm-none-eabi/10.3.1/thumb/v7-m/nofp/crti.o
 .bss           0x0000000000000000        0x0 d:/stm32cubeide_1.7.0/stm32cubeide/plugins/com.st.stm32cube.ide.mcu.externaltools.gnu-tools-for-stm32.10.3-2021.10.win32_1.0.0.202111181127/tools/bin/../lib/gcc/arm-none-eabi/10.3.1/thumb/v7-m/nofp/crti.o
 .data          0x0000000000000000        0x4 d:/stm32cubeide_1.7.0/stm32cubeide/plugins/com.st.stm32cube.ide.mcu.externaltools.gnu-tools-for-stm32.10.3-2021.10.win32_1.0.0.202111181127/tools/bin/../lib/gcc/arm-none-eabi/10.3.1/thumb/v7-m/nofp/crtbegin.o
 .rodata        0x0000000000000000       0x24 d:/stm32cubeide_1.7.0/stm32cubeide/plugins/com.st.stm32cube.ide.mcu.externaltools.gnu-tools-for-stm32.10.3-2021.10.win32_1.0.0.202111181127/tools/bin/../lib/gcc/arm-none-eabi/10.3.1/thumb/v7-m/nofp/crtbegin.o
 .text          0x0000000000000000       0x7c d:/stm32cubeide_1.7.0/stm32cubeide/plugins/com.st.stm32cube.ide.mcu.externaltools.gnu-tools-for-stm32.10.3-2021.10.win32_1.0.0.202111181127/tools/bin/../lib/gcc/arm-none-eabi/10.3.1/../../../../arm-none-eabi/lib/thumb/v7-m/nofp/crt0.o
 .data          0x0000000000000000        0x0 d:/stm32cubeide_1.7.0/stm32cubeide/plugins/com.st.stm32cube.ide.mcu.externaltools.gnu-tools-for-stm32.10.3-2021.10.win32_1.0.0.202111181127/tools/bin/../lib/gcc/arm-none-eabi/10.3.1/../../../../arm-none-eabi/lib/thumb/v7-m/nofp/crt0.o
 .bss           0x0000000000000000        0x0 d:/stm32cubeide_1.7.0/stm32cubeide/plugins/com.st.stm32cube.ide.mcu.externaltools.gnu-tools-for-stm32.10.3-2021.10.win32_1.0.0.202111181127/tools/bin/../lib/gcc/arm-none-eabi/10.3.1/../../../../arm-none-eabi/lib/thumb/v7-m/nofp/crt0.o
 .ARM.extab     0x0000000000000000        0x0 d:/stm32cubeide_1.7.0/stm32cubeide/plugins/com.st.stm32cube.ide.mcu.externaltools.gnu-tools-for-stm32.10.3-2021.10.win32_1.0.0.202111181127/tools/bin/../lib/gcc/arm-none-eabi/10.3.1/../../../../arm-none-eabi/lib/thumb/v7-m/nofp/crt0.o
[...]
Memory Configuration

Name             Origin             Length             Attributes
RAM              0x0000000020000000 0x0000000000005000 xrw
FLASH            0x0000000008000000 0x0000000000020000 xr
*default*        0x0000000000000000 0xffffffffffffffff

Linker script and memory map

LOAD d:/stm32cubeide_1.7.0/stm32cubeide/plugins/com.st.stm32cube.ide.mcu.externaltools.gnu-tools-for-stm32.10.3-2021.10.win32_1.0.0.202111181127/tools/bin/../lib/gcc/arm-none-eabi/10.3.1/thumb/v7-m/nofp/crti.o
LOAD d:/stm32cubeide_1.7.0/stm32cubeide/plugins/com.st.stm32cube.ide.mcu.externaltools.gnu-tools-for-stm32.10.3-2021.10.win32_1.0.0.202111181127/tools/bin/../lib/gcc/arm-none-eabi/10.3.1/thumb/v7-m/nofp/crtbegin.o
LOAD d:/stm32cubeide_1.7.0/stm32cubeide/plugins/com.st.stm32cube.ide.mcu.externaltools.gnu-tools-for-stm32.10.3-2021.10.win32_1.0.0.202111181127/tools/bin/../lib/gcc/arm-none-eabi/10.3.1/../../../../arm-none-eabi/lib/thumb/v7-m/nofp/crt0.o
LOAD ./Core/Src/main.o
LOAD ./Core/Src/stm32f1xx_hal_msp.o
LOAD ./Core/Src/stm32f1xx_it.o
LOAD ./Core/Src/syscalls.o
LOAD ./Core/Src/sysmem.o
LOAD ./Core/Src/system_stm32f1xx.o
LOAD ./Core/Startup/startup_stm32f103rbtx.o
LOAD ./Drivers/STM32F1xx_HAL_Driver/Src/stm32f1xx_hal.o
LOAD ./Drivers/STM32F1xx_HAL_Driver/Src/stm32f1xx_hal_cortex.o
LOAD ./Drivers/STM32F1xx_HAL_Driver/Src/stm32f1xx_hal_dma.o
LOAD ./Drivers/STM32F1xx_HAL_Driver/Src/stm32f1xx_hal_exti.o
LOAD ./Drivers/STM32F1xx_HAL_Driver/Src/stm32f1xx_hal_flash.o
LOAD ./Drivers/STM32F1xx_HAL_Driver/Src/stm32f1xx_hal_flash_ex.o
LOAD ./Drivers/STM32F1xx_HAL_Driver/Src/stm32f1xx_hal_gpio.o
LOAD ./Drivers/STM32F1xx_HAL_Driver/Src/stm32f1xx_hal_gpio_ex.o
LOAD ./Drivers/STM32F1xx_HAL_Driver/Src/stm32f1xx_hal_pwr.o
LOAD ./Drivers/STM32F1xx_HAL_Driver/Src/stm32f1xx_hal_rcc.o
LOAD ./Drivers/STM32F1xx_HAL_Driver/Src/stm32f1xx_hal_rcc_ex.o
LOAD ./Drivers/STM32F1xx_HAL_Driver/Src/stm32f1xx_hal_tim.o
LOAD ./Drivers/STM32F1xx_HAL_Driver/Src/stm32f1xx_hal_tim_ex.o
START GROUP
LOAD d:/stm32cubeide_1.7.0/stm32cubeide/plugins/com.st.stm32cube.ide.mcu.externaltools.gnu-tools-for-stm32.10.3-2021.10.win32_1.0.0.202111181127/tools/bin/../lib/gcc/arm-none-eabi/10.3.1/../../../../arm-none-eabi/lib/thumb/v7-m/nofp\libc_nano.a
LOAD d:/stm32cubeide_1.7.0/stm32cubeide/plugins/com.st.stm32cube.ide.mcu.externaltools.gnu-tools-for-stm32.10.3-2021.10.win32_1.0.0.202111181127/tools/bin/../lib/gcc/arm-none-eabi/10.3.1/../../../../arm-none-eabi/lib/thumb/v7-m/nofp\libm.a
END GROUP
START GROUP
LOAD d:/stm32cubeide_1.7.0/stm32cubeide/plugins/com.st.stm32cube.ide.mcu.externaltools.gnu-tools-for-stm32.10.3-2021.10.win32_1.0.0.202111181127/tools/bin/../lib/gcc/arm-none-eabi/10.3.1/thumb/v7-m/nofp\libgcc.a
LOAD d:/stm32cubeide_1.7.0/stm32cubeide/plugins/com.st.stm32cube.ide.mcu.externaltools.gnu-tools-for-stm32.10.3-2021.10.win32_1.0.0.202111181127/tools/bin/../lib/gcc/arm-none-eabi/10.3.1/../../../../arm-none-eabi/lib/thumb/v7-m/nofp\libc_nano.a
END GROUP
START GROUP
LOAD d:/stm32cubeide_1.7.0/stm32cubeide/plugins/com.st.stm32cube.ide.mcu.externaltools.gnu-tools-for-stm32.10.3-2021.10.win32_1.0.0.202111181127/tools/bin/../lib/gcc/arm-none-eabi/10.3.1/thumb/v7-m/nofp\libgcc.a
LOAD d:/stm32cubeide_1.7.0/stm32cubeide/plugins/com.st.stm32cube.ide.mcu.externaltools.gnu-tools-for-stm32.10.3-2021.10.win32_1.0.0.202111181127/tools/bin/../lib/gcc/arm-none-eabi/10.3.1/../../../../arm-none-eabi/lib/thumb/v7-m/nofp\libc_nano.a
LOAD d:/stm32cubeide_1.7.0/stm32cubeide/plugins/com.st.stm32cube.ide.mcu.externaltools.gnu-tools-for-stm32.10.3-2021.10.win32_1.0.0.202111181127/tools/bin/../lib/gcc/arm-none-eabi/10.3.1/../../../../arm-none-eabi/lib/thumb/v7-m/nofp\libnosys.a
END GROUP
START GROUP
LOAD d:/stm32cubeide_1.7.0/stm32cubeide/plugins/com.st.stm32cube.ide.mcu.externaltools.gnu-tools-for-stm32.10.3-2021.10.win32_1.0.0.202111181127/tools/bin/../lib/gcc/arm-none-eabi/10.3.1/thumb/v7-m/nofp\libgcc.a
LOAD d:/stm32cubeide_1.7.0/stm32cubeide/plugins/com.st.stm32cube.ide.mcu.externaltools.gnu-tools-for-stm32.10.3-2021.10.win32_1.0.0.202111181127/tools/bin/../lib/gcc/arm-none-eabi/10.3.1/../../../../arm-none-eabi/lib/thumb/v7-m/nofp\libc_nano.a
LOAD d:/stm32cubeide_1.7.0/stm32cubeide/plugins/com.st.stm32cube.ide.mcu.externaltools.gnu-tools-for-stm32.10.3-2021.10.win32_1.0.0.202111181127/tools/bin/../lib/gcc/arm-none-eabi/10.3.1/../../../../arm-none-eabi/lib/thumb/v7-m/nofp\libnosys.a
END GROUP
LOAD d:/stm32cubeide_1.7.0/stm32cubeide/plugins/com.st.stm32cube.ide.mcu.externaltools.gnu-tools-for-stm32.10.3-2021.10.win32_1.0.0.202111181127/tools/bin/../lib/gcc/arm-none-eabi/10.3.1/thumb/v7-m/nofp/crtend.o
LOAD d:/stm32cubeide_1.7.0/stm32cubeide/plugins/com.st.stm32cube.ide.mcu.externaltools.gnu-tools-for-stm32.10.3-2021.10.win32_1.0.0.202111181127/tools/bin/../lib/gcc/arm-none-eabi/10.3.1/thumb/v7-m/nofp/crtn.o
                0x0000000020005000                _estack = (ORIGIN (RAM) + LENGTH (RAM))
                0x0000000000000200                _Min_Heap_Size = 0x200
                0x0000000000000400                _Min_Stack_Size = 0x400

.isr_vector     0x0000000008000000      0x10c
                0x0000000008000000                . = ALIGN (0x4)
 *(.isr_vector)
 .isr_vector    0x0000000008000000      0x10c ./Core/Startup/startup_stm32f103rbtx.o
                0x0000000008000000                g_pfnVectors
                0x000000000800010c                . = ALIGN (0x4)

.text           0x000000000800010c     0x1ed4
                0x000000000800010c                . = ALIGN (0x4)
 *(.text)
 .text          0x000000000800010c       0x40 d:/stm32cubeide_1.7.0/stm32cubeide/plugins/com.st.stm32cube.ide.mcu.externaltools.gnu-tools-for-stm32.10.3-2021.10.win32_1.0.0.202111181127/tools/bin/../lib/gcc/arm-none-eabi/10.3.1/thumb/v7-m/nofp/crtbegin.o
 *(.text*)
 .text.buzzer_sound
                0x000000000800014c       0x80 ./Core/Src/main.o
                0x000000000800014c                buzzer_sound
 .text.main     0x00000000080001cc       0x2c ./Core/Src/main.o
                0x00000000080001cc                main
 .text.SystemClock_Config
                0x00000000080001f8       0x82 ./Core/Src/main.o
                0x00000000080001f8                SystemClock_Config
 *fill*         0x000000000800027a        0x2 
 .text.MX_TIM3_Init
                0x000000000800027c       0xec ./Core/Src/main.o
 .text.MX_GPIO_Init
                0x0000000008000368       0xd8 ./Core/Src/main.o
 .text.Error_Handler
                0x0000000008000440        0xa ./Core/Src/main.o
                0x0000000008000440                Error_Handler
 *fill*         0x000000000800044a        0x2 
 .text.HAL_MspInit
                0x000000000800044c       0x64 ./Core/Src/stm32f1xx_hal_msp.o
                0x000000000800044c                HAL_MspInit
 .text.HAL_TIM_Base_MspInit
                0x00000000080004b0       0x3c ./Core/Src/stm32f1xx_hal_msp.o
                0x00000000080004b0                HAL_TIM_Base_MspInit
 .text.HAL_TIM_MspPostInit
                0x00000000080004ec       0x64 ./Core/Src/stm32f1xx_hal_msp.o
                0x00000000080004ec                HAL_TIM_MspPostInit
 .text.NMI_Handler
                0x0000000008000550        0x6 ./Core/Src/stm32f1xx_it.o
                0x0000000008000550                NMI_Handler
 .text.HardFault_Handler
                0x0000000008000556        0x6 ./Core/Src/stm32f1xx_it.o
                0x0000000008000556                HardFault_Handler
 .text.MemManage_Handler
                0x000000000800055c        0x6 ./Core/Src/stm32f1xx_it.o
                0x000000000800055c                MemManage_Handler
 .text.BusFault_Handler
                0x0000000008000562        0x6 ./Core/Src/stm32f1xx_it.o
                0x0000000008000562                BusFault_Handler
 .text.UsageFault_Handler
                0x0000000008000568        0x6 ./Core/Src/stm32f1xx_it.o
                0x0000000008000568                UsageFault_Handler
 .text.SVC_Handler
                0x000000000800056e        0xc ./Core/Src/stm32f1xx_it.o
                0x000000000800056e                SVC_Handler
 .text.DebugMon_Handler
                0x000000000800057a        0xc ./Core/Src/stm32f1xx_it.o
                0x000000000800057a                DebugMon_Handler
 .text.PendSV_Handler
                0x0000000008000586        0xc ./Core/Src/stm32f1xx_it.o
                0x0000000008000586                PendSV_Handler
 .text.SysTick_Handler
                0x0000000008000592        0xc ./Core/Src/stm32f1xx_it.o
                0x0000000008000592                SysTick_Handler
 .text.SystemInit
                0x000000000800059e        0xc ./Core/Src/system_stm32f1xx.o
                0x000000000800059e                SystemInit
 *fill*         0x00000000080005aa        0x2 
 .text.Reset_Handler
                0x00000000080005ac       0x48 ./Core/Startup/startup_stm32f103rbtx.o
                0x00000000080005ac                Reset_Handler
 .text.Default_Handler
                0x00000000080005f4        0x2 ./Core/Startup/startup_stm32f103rbtx.o
                0x00000000080005f4                RTC_Alarm_IRQHandler
                0x00000000080005f4                EXTI2_IRQHandler
                0x00000000080005f4                TIM1_CC_IRQHandler
                0x00000000080005f4                PVD_IRQHandler
                0x00000000080005f4                EXTI3_IRQHandler
                0x00000000080005f4                EXTI0_IRQHandler
                0x00000000080005f4                I2C2_EV_IRQHandler
                0x00000000080005f4                ADC1_2_IRQHandler
                0x00000000080005f4                SPI1_IRQHandler
                0x00000000080005f4                TAMPER_IRQHandler
                0x00000000080005f4                DMA1_Channel4_IRQHandler
                0x00000000080005f4                USART3_IRQHandler
                0x00000000080005f4                RTC_IRQHandler
                0x00000000080005f4                DMA1_Channel7_IRQHandler
                0x00000000080005f4                CAN1_RX1_IRQHandler
                0x00000000080005f4                TIM4_IRQHandler
                0x00000000080005f4                I2C1_EV_IRQHandler
                0x00000000080005f4                DMA1_Channel6_IRQHandler
                0x00000000080005f4                TIM3_IRQHandler
                0x00000000080005f4                RCC_IRQHandler
                0x00000000080005f4                TIM1_TRG_COM_IRQHandler
                0x00000000080005f4                DMA1_Channel1_IRQHandler
                0x00000000080005f4                Default_Handler
                0x00000000080005f4                EXTI15_10_IRQHandler
                0x00000000080005f4                EXTI9_5_IRQHandler
                0x00000000080005f4                SPI2_IRQHandler
                0x00000000080005f4                DMA1_Channel5_IRQHandler
                0x00000000080005f4                EXTI4_IRQHandler
                0x00000000080005f4                USB_LP_CAN1_RX0_IRQHandler
                0x00000000080005f4                USB_HP_CAN1_TX_IRQHandler
                0x00000000080005f4                DMA1_Channel3_IRQHandler
                0x00000000080005f4                TIM1_UP_IRQHandler
                0x00000000080005f4                WWDG_IRQHandler
                0x00000000080005f4                TIM2_IRQHandler
                0x00000000080005f4                TIM1_BRK_IRQHandler
                0x00000000080005f4                EXTI1_IRQHandler
                0x00000000080005f4                USART2_IRQHandler
                0x00000000080005f4                I2C2_ER_IRQHandler
                0x00000000080005f4                DMA1_Channel2_IRQHandler
                0x00000000080005f4                CAN1_SCE_IRQHandler
                0x00000000080005f4                FLASH_IRQHandler
                0x00000000080005f4                USART1_IRQHandler
                0x00000000080005f4                I2C1_ER_IRQHandler
                0x00000000080005f4                USBWakeUp_IRQHandler
 *fill*         0x00000000080005f6        0x2 
 .text.HAL_Init
                0x00000000080005f8       0x2c ./Drivers/STM32F1xx_HAL_Driver/Src/stm32f1xx_hal.o
                0x00000000080005f8                HAL_Init
 .text.HAL_InitTick
                0x0000000008000624       0x60 ./Drivers/STM32F1xx_HAL_Driver/Src/stm32f1xx_hal.o
                0x0000000008000624                HAL_InitTick
 .text.HAL_IncTick
                0x0000000008000684       0x24 ./Drivers/STM32F1xx_HAL_Driver/Src/stm32f1xx_hal.o
                0x0000000008000684                HAL_IncTick
 .text.HAL_GetTick
                0x00000000080006a8       0x14 ./Drivers/STM32F1xx_HAL_Driver/Src/stm32f1xx_hal.o
                0x00000000080006a8                HAL_GetTick
 .text.HAL_Delay
                0x00000000080006bc       0x48 ./Drivers/STM32F1xx_HAL_Driver/Src/stm32f1xx_hal.o
                0x00000000080006bc                HAL_Delay
 .text.__NVIC_SetPriorityGrouping
                0x0000000008000704       0x48 ./Drivers/STM32F1xx_HAL_Driver/Src/stm32f1xx_hal_cortex.o
 .text.__NVIC_GetPriorityGrouping
                0x000000000800074c       0x1c ./Drivers/STM32F1xx_HAL_Driver/Src/stm32f1xx_hal_cortex.o
 .text.__NVIC_SetPriority
                0x0000000008000768       0x54 ./Drivers/STM32F1xx_HAL_Driver/Src/stm32f1xx_hal_cortex.o
 .text.NVIC_EncodePriority
                0x00000000080007bc       0x64 ./Drivers/STM32F1xx_HAL_Driver/Src/stm32f1xx_hal_cortex.o
 .text.SysTick_Config
                0x0000000008000820       0x44 ./Drivers/STM32F1xx_HAL_Driver/Src/stm32f1xx_hal_cortex.o
 .text.HAL_NVIC_SetPriorityGrouping
                0x0000000008000864       0x16 ./Drivers/STM32F1xx_HAL_Driver/Src/stm32f1xx_hal_cortex.o
                0x0000000008000864                HAL_NVIC_SetPriorityGrouping
 .text.HAL_NVIC_SetPriority
                0x000000000800087a       0x38 ./Drivers/STM32F1xx_HAL_Driver/Src/stm32f1xx_hal_cortex.o
                0x000000000800087a                HAL_NVIC_SetPriority
 .text.HAL_SYSTICK_Config
                0x00000000080008b2       0x18 ./Drivers/STM32F1xx_HAL_Driver/Src/stm32f1xx_hal_cortex.o
                0x00000000080008b2                HAL_SYSTICK_Config
 *fill*         0x00000000080008ca        0x2 
 .text.HAL_GPIO_Init
                0x00000000080008cc      0x308 ./Drivers/STM32F1xx_HAL_Driver/Src/stm32f1xx_hal_gpio.o
                0x00000000080008cc                HAL_GPIO_Init
 .text.HAL_GPIO_WritePin
                0x0000000008000bd4       0x30 ./Drivers/STM32F1xx_HAL_Driver/Src/stm32f1xx_hal_gpio.o
                0x0000000008000bd4                HAL_GPIO_WritePin
 .text.HAL_RCC_OscConfig
                0x0000000008000c04      0x504 ./Drivers/STM32F1xx_HAL_Driver/Src/stm32f1xx_hal_rcc.o
                0x0000000008000c04                HAL_RCC_OscConfig
 .text.HAL_RCC_ClockConfig
                0x0000000008001108      0x1d4 ./Drivers/STM32F1xx_HAL_Driver/Src/stm32f1xx_hal_rcc.o
                0x0000000008001108                HAL_RCC_ClockConfig
 .text.HAL_RCC_GetSysClockFreq
                0x00000000080012dc       0xbc ./Drivers/STM32F1xx_HAL_Driver/Src/stm32f1xx_hal_rcc.o
                0x00000000080012dc                HAL_RCC_GetSysClockFreq
 .text.RCC_Delay
                0x0000000008001398       0x3c ./Drivers/STM32F1xx_HAL_Driver/Src/stm32f1xx_hal_rcc.o
 .text.HAL_TIM_Base_Init
                0x00000000080013d4       0x9e ./Drivers/STM32F1xx_HAL_Driver/Src/stm32f1xx_hal_tim.o
                0x00000000080013d4                HAL_TIM_Base_Init
 .text.HAL_TIM_PWM_Init
                0x0000000008001472       0x9e ./Drivers/STM32F1xx_HAL_Driver/Src/stm32f1xx_hal_tim.o
                0x0000000008001472                HAL_TIM_PWM_Init
 .text.HAL_TIM_PWM_MspInit
                0x0000000008001510       0x12 ./Drivers/STM32F1xx_HAL_Driver/Src/stm32f1xx_hal_tim.o
                0x0000000008001510                HAL_TIM_PWM_MspInit
 *fill*         0x0000000008001522        0x2 
 .text.HAL_TIM_PWM_Start
                0x0000000008001524      0x144 ./Drivers/STM32F1xx_HAL_Driver/Src/stm32f1xx_hal_tim.o
                0x0000000008001524                HAL_TIM_PWM_Start
 .text.HAL_TIM_PWM_ConfigChannel
                0x0000000008001668      0x17c ./Drivers/STM32F1xx_HAL_Driver/Src/stm32f1xx_hal_tim.o
                0x0000000008001668                HAL_TIM_PWM_ConfigChannel
 .text.HAL_TIM_ConfigClockSource
                0x00000000080017e4      0x188 ./Drivers/STM32F1xx_HAL_Driver/Src/stm32f1xx_hal_tim.o
                0x00000000080017e4                HAL_TIM_ConfigClockSource
 .text.TIM_Base_SetConfig
                0x000000000800196c       0xc4 ./Drivers/STM32F1xx_HAL_Driver/Src/stm32f1xx_hal_tim.o
                0x000000000800196c                TIM_Base_SetConfig
 .text.TIM_OC1_SetConfig
                0x0000000008001a30       0xcc ./Drivers/STM32F1xx_HAL_Driver/Src/stm32f1xx_hal_tim.o
 .text.TIM_OC2_SetConfig
                0x0000000008001afc       0xd4 ./Drivers/STM32F1xx_HAL_Driver/Src/stm32f1xx_hal_tim.o
                0x0000000008001afc                TIM_OC2_SetConfig
 .text.TIM_OC3_SetConfig
                0x0000000008001bd0       0xd4 ./Drivers/STM32F1xx_HAL_Driver/Src/stm32f1xx_hal_tim.o
 .text.TIM_OC4_SetConfig
                0x0000000008001ca4       0x9c ./Drivers/STM32F1xx_HAL_Driver/Src/stm32f1xx_hal_tim.o
 .text.TIM_TI1_ConfigInputStage
                0x0000000008001d40       0x5c ./Drivers/STM32F1xx_HAL_Driver/Src/stm32f1xx_hal_tim.o
 .text.TIM_TI2_ConfigInputStage
                0x0000000008001d9c       0x5e ./Drivers/STM32F1xx_HAL_Driver/Src/stm32f1xx_hal_tim.o
 .text.TIM_ITRx_SetConfig
                0x0000000008001dfa       0x34 ./Drivers/STM32F1xx_HAL_Driver/Src/stm32f1xx_hal_tim.o
 .text.TIM_ETR_SetConfig
                0x0000000008001e2e       0x3e ./Drivers/STM32F1xx_HAL_Driver/Src/stm32f1xx_hal_tim.o
                0x0000000008001e2e                TIM_ETR_SetConfig
 .text.TIM_CCxChannelCmd
                0x0000000008001e6c       0x48 ./Drivers/STM32F1xx_HAL_Driver/Src/stm32f1xx_hal_tim.o
                0x0000000008001e6c                TIM_CCxChannelCmd
 .text.HAL_TIMEx_MasterConfigSynchronization
                0x0000000008001eb4       0xbc ./Drivers/STM32F1xx_HAL_Driver/Src/stm32f1xx_hal_tim_ex.o
                0x0000000008001eb4                HAL_TIMEx_MasterConfigSynchronization
 .text.__libc_init_array
                0x0000000008001f70       0x48 d:/stm32cubeide_1.7.0/stm32cubeide/plugins/com.st.stm32cube.ide.mcu.externaltools.gnu-tools-for-stm32.10.3-2021.10.win32_1.0.0.202111181127/tools/bin/../lib/gcc/arm-none-eabi/10.3.1/../../../../arm-none-eabi/lib/thumb/v7-m/nofp\libc_nano.a(lib_a-init.o)
                0x0000000008001f70                __libc_init_array
 .text.memset   0x0000000008001fb8       0x10 d:/stm32cubeide_1.7.0/stm32cubeide/plugins/com.st.stm32cube.ide.mcu.externaltools.gnu-tools-for-stm32.10.3-2021.10.win32_1.0.0.202111181127/tools/bin/../lib/gcc/arm-none-eabi/10.3.1/../../../../arm-none-eabi/lib/thumb/v7-m/nofp\libc_nano.a(lib_a-memset.o)
                0x0000000008001fb8                memset
 *(.glue_7)
 .glue_7        0x0000000008001fc8        0x0 linker stubs
 *(.glue_7t)
 .glue_7t       0x0000000008001fc8        0x0 linker stubs
 *(.eh_frame)
 .eh_frame      0x0000000008001fc8        0x0 d:/stm32cubeide_1.7.0/stm32cubeide/plugins/com.st.stm32cube.ide.mcu.externaltools.gnu-tools-for-stm32.10.3-2021.10.win32_1.0.0.202111181127/tools/bin/../lib/gcc/arm-none-eabi/10.3.1/thumb/v7-m/nofp/crtbegin.o
 *(.init)
 .init          0x0000000008001fc8        0x4 d:/stm32cubeide_1.7.0/stm32cubeide/plugins/com.st.stm32cube.ide.mcu.externaltools.gnu-tools-for-stm32.10.3-2021.10.win32_1.0.0.202111181127/tools/bin/../lib/gcc/arm-none-eabi/10.3.1/thumb/v7-m/nofp/crti.o
                0x0000000008001fc8                _init
 .init          0x0000000008001fcc        0x8 d:/stm32cubeide_1.7.0/stm32cubeide/plugins/com.st.stm32cube.ide.mcu.externaltools.gnu-tools-for-stm32.10.3-2021.10.win32_1.0.0.202111181127/tools/bin/../lib/gcc/arm-none-eabi/10.3.1/thumb/v7-m/nofp/crtn.o
 *(.fini)
 .fini          0x0000000008001fd4        0x4 d:/stm32cubeide_1.7.0/stm32cubeide/plugins/com.st.stm32cube.ide.mcu.externaltools.gnu-tools-for-stm32.10.3-2021.10.win32_1.0.0.202111181127/tools/bin/../lib/gcc/arm-none-eabi/10.3.1/thumb/v7-m/nofp/crti.o
                0x0000000008001fd4                _fini
 .fini          0x0000000008001fd8        0x8 d:/stm32cubeide_1.7.0/stm32cubeide/plugins/com.st.stm32cube.ide.mcu.externaltools.gnu-tools-for-stm32.10.3-2021.10.win32_1.0.0.202111181127/tools/bin/../lib/gcc/arm-none-eabi/10.3.1/thumb/v7-m/nofp/crtn.o
                0x0000000008001fe0                . = ALIGN (0x4)
                0x0000000008001fe0                _etext = .

.vfp11_veneer   0x0000000008001fe0        0x0
 .vfp11_veneer  0x0000000008001fe0        0x0 linker stubs

.v4_bx          0x0000000008001fe0        0x0
 .v4_bx         0x0000000008001fe0        0x0 linker stubs

.iplt           0x0000000008001fe0        0x0
 .iplt          0x0000000008001fe0        0x0 d:/stm32cubeide_1.7.0/stm32cubeide/plugins/com.st.stm32cube.ide.mcu.externaltools.gnu-tools-for-stm32.10.3-2021.10.win32_1.0.0.202111181127/tools/bin/../lib/gcc/arm-none-eabi/10.3.1/thumb/v7-m/nofp/crtbegin.o

.rodata         0x0000000008001fe0       0x20
                0x0000000008001fe0                . = ALIGN (0x4)
 *(.rodata)
 .rodata        0x0000000008001fe0       0x10 ./Drivers/STM32F1xx_HAL_Driver/Src/stm32f1xx_hal_rcc.o
 *(.rodata*)
 .rodata.AHBPrescTable
                0x0000000008001ff0       0x10 ./Core/Src/system_stm32f1xx.o
                0x0000000008001ff0                AHBPrescTable
                0x0000000008002000                . = ALIGN (0x4)

.rel.dyn        0x0000000008002000        0x0
 .rel.iplt      0x0000000008002000        0x0 d:/stm32cubeide_1.7.0/stm32cubeide/plugins/com.st.stm32cube.ide.mcu.externaltools.gnu-tools-for-stm32.10.3-2021.10.win32_1.0.0.202111181127/tools/bin/../lib/gcc/arm-none-eabi/10.3.1/thumb/v7-m/nofp/crtbegin.o

.ARM.extab      0x0000000008002000        0x0
                0x0000000008002000                . = ALIGN (0x4)
 *(.ARM.extab* .gnu.linkonce.armextab.*)
                0x0000000008002000                . = ALIGN (0x4)

.ARM            0x0000000008002000        0x0
                0x0000000008002000                . = ALIGN (0x4)
                0x0000000008002000                __exidx_start = .
 *(.ARM.exidx*)
                0x0000000008002000                __exidx_end = .
                0x0000000008002000                . = ALIGN (0x4)

.preinit_array  0x0000000008002000        0x0
                0x0000000008002000                . = ALIGN (0x4)
                0x0000000008002000                PROVIDE (__preinit_array_start = .)
 *(.preinit_array*)
                0x0000000008002000                PROVIDE (__preinit_array_end = .)
                0x0000000008002000                . = ALIGN (0x4)

.init_array     0x0000000008002000        0x4
                0x0000000008002000                . = ALIGN (0x4)
                0x0000000008002000                PROVIDE (__init_array_start = .)
 *(SORT_BY_NAME(.init_array.*))
 *(.init_array*)
 .init_array    0x0000000008002000        0x4 d:/stm32cubeide_1.7.0/stm32cubeide/plugins/com.st.stm32cube.ide.mcu.externaltools.gnu-tools-for-stm32.10.3-2021.10.win32_1.0.0.202111181127/tools/bin/../lib/gcc/arm-none-eabi/10.3.1/thumb/v7-m/nofp/crtbegin.o
                0x0000000008002004                PROVIDE (__init_array_end = .)
                0x0000000008002004                . = ALIGN (0x4)

.fini_array     0x0000000008002004        0x4
                0x0000000008002004                . = ALIGN (0x4)
                [!provide]                        PROVIDE (__fini_array_start = .)
 *(SORT_BY_NAME(.fini_array.*))
 *(.fini_array*)
 .fini_array    0x0000000008002004        0x4 d:/stm32cubeide_1.7.0/stm32cubeide/plugins/com.st.stm32cube.ide.mcu.externaltools.gnu-tools-for-stm32.10.3-2021.10.win32_1.0.0.202111181127/tools/bin/../lib/gcc/arm-none-eabi/10.3.1/thumb/v7-m/nofp/crtbegin.o
                [!provide]                        PROVIDE (__fini_array_end = .)
                0x0000000008002008                . = ALIGN (0x4)
                0x0000000008002008                _sidata = LOADADDR (.data)

.data           0x0000000020000000       0x1c load address 0x0000000008002008
                0x0000000020000000                . = ALIGN (0x4)
                0x0000000020000000                _sdata = .
 *(.data)
 *(.data*)
 .data.signal   0x0000000020000000        0x4 ./Core/Src/main.o
                0x0000000020000000                signal
 .data.beep     0x0000000020000004        0xc ./Core/Src/main.o
                0x0000000020000004                beep
 .data.SystemCoreClock
                0x0000000020000010        0x4 ./Core/Src/system_stm32f1xx.o
                0x0000000020000010                SystemCoreClock
 .data.uwTickPrio
                0x0000000020000014        0x4 ./Drivers/STM32F1xx_HAL_Driver/Src/stm32f1xx_hal.o
                0x0000000020000014                uwTickPrio
 .data.uwTickFreq
                0x0000000020000018        0x1 ./Drivers/STM32F1xx_HAL_Driver/Src/stm32f1xx_hal.o
                0x0000000020000018                uwTickFreq
 *(.RamFunc)
 *(.RamFunc*)
                0x000000002000001c                . = ALIGN (0x4)
 *fill*         0x0000000020000019        0x3 
                0x000000002000001c                _edata = .

.igot.plt       0x000000002000001c        0x0 load address 0x0000000008002024
 .igot.plt      0x000000002000001c        0x0 d:/stm32cubeide_1.7.0/stm32cubeide/plugins/com.st.stm32cube.ide.mcu.externaltools.gnu-tools-for-stm32.10.3-2021.10.win32_1.0.0.202111181127/tools/bin/../lib/gcc/arm-none-eabi/10.3.1/thumb/v7-m/nofp/crtbegin.o
                0x000000002000001c                . = ALIGN (0x4)

.bss            0x000000002000001c       0x6c load address 0x0000000008002024
                0x000000002000001c                _sbss = .
                0x000000002000001c                __bss_start__ = _sbss
 *(.bss)
 .bss           0x000000002000001c       0x1c d:/stm32cubeide_1.7.0/stm32cubeide/plugins/com.st.stm32cube.ide.mcu.externaltools.gnu-tools-for-stm32.10.3-2021.10.win32_1.0.0.202111181127/tools/bin/../lib/gcc/arm-none-eabi/10.3.1/thumb/v7-m/nofp/crtbegin.o
 *(.bss*)
 .bss.htim3     0x0000000020000038       0x48 ./Core/Src/main.o
                0x0000000020000038                htim3
 .bss.i         0x0000000020000080        0x4 ./Core/Src/main.o
                0x0000000020000080                i
 .bss.uwTick    0x0000000020000084        0x4 ./Drivers/STM32F1xx_HAL_Driver/Src/stm32f1xx_hal.o
                0x0000000020000084                uwTick
 *(COMMON)
                0x0000000020000088                . = ALIGN (0x4)
                0x0000000020000088                _ebss = .
                0x0000000020000088                __bss_end__ = _ebss

._user_heap_stack
                0x0000000020000088      0x600 load address 0x0000000008002024
                0x0000000020000088                . = ALIGN (0x8)
                [!provide]                        PROVIDE (end = .)
                0x0000000020000088                PROVIDE (_end = .)
                0x0000000020000288                . = (. + _Min_Heap_Size)
 *fill*         0x0000000020000088      0x200 
                0x0000000020000688                . = (. + _Min_Stack_Size)
 *fill*         0x0000000020000288      0x400 
                0x0000000020000688                . = ALIGN (0x8)

/DISCARD/
 libc.a(*)
 libm.a(*)
 libgcc.a(*)

.ARM.attributes
                0x0000000000000000       0x29
 *(.ARM.attributes)
 .ARM.attributes
                0x0000000000000000       0x1d d:/stm32cubeide_1.7.0/stm32cubeide/plugins/com.st.stm32cube.ide.mcu.externaltools.gnu-tools-for-stm32.10.3-2021.10.win32_1.0.0.202111181127/tools/bin/../lib/gcc/arm-none-eabi/10.3.1/thumb/v7-m/nofp/crti.o
 .ARM.attributes
                0x000000000000001d       0x2d d:/stm32cubeide_1.7.0/stm32cubeide/plugins/com.st.stm32cube.ide.mcu.externaltools.gnu-tools-for-stm32.10.3-2021.10.win32_1.0.0.202111181127/tools/bin/../lib/gcc/arm-none-eabi/10.3.1/thumb/v7-m/nofp/crtbegin.o
 .ARM.attributes
                0x000000000000004a       0x2d ./Core/Src/main.o
 .ARM.attributes
                0x0000000000000077       0x2d ./Core/Src/stm32f1xx_hal_msp.o
 .ARM.attributes
                0x00000000000000a4       0x2d ./Core/Src/stm32f1xx_it.o
 .ARM.attributes
                0x00000000000000d1       0x2d ./Core/Src/system_stm32f1xx.o
 .ARM.attributes
                0x00000000000000fe       0x21 ./Core/Startup/startup_stm32f103rbtx.o
 .ARM.attributes
                0x000000000000011f       0x2d ./Drivers/STM32F1xx_HAL_Driver/Src/stm32f1xx_hal.o
 .ARM.attributes
                0x000000000000014c       0x2d ./Drivers/STM32F1xx_HAL_Driver/Src/stm32f1xx_hal_cortex.o
 .ARM.attributes
                0x0000000000000179       0x2d ./Drivers/STM32F1xx_HAL_Driver/Src/stm32f1xx_hal_gpio.o
 .ARM.attributes
                0x00000000000001a6       0x2d ./Drivers/STM32F1xx_HAL_Driver/Src/stm32f1xx_hal_rcc.o
 .ARM.attributes
                0x00000000000001d3       0x2d ./Drivers/STM32F1xx_HAL_Driver/Src/stm32f1xx_hal_tim.o
 .ARM.attributes
                0x0000000000000200       0x2d ./Drivers/STM32F1xx_HAL_Driver/Src/stm32f1xx_hal_tim_ex.o
 .ARM.attributes
                0x000000000000022d       0x2d d:/stm32cubeide_1.7.0/stm32cubeide/plugins/com.st.stm32cube.ide.mcu.externaltools.gnu-tools-for-stm32.10.3-2021.10.win32_1.0.0.202111181127/tools/bin/../lib/gcc/arm-none-eabi/10.3.1/../../../../arm-none-eabi/lib/thumb/v7-m/nofp\libc_nano.a(lib_a-init.o)
 .ARM.attributes
                0x000000000000025a       0x2d d:/stm32cubeide_1.7.0/stm32cubeide/plugins/com.st.stm32cube.ide.mcu.externaltools.gnu-tools-for-stm32.10.3-2021.10.win32_1.0.0.202111181127/tools/bin/../lib/gcc/arm-none-eabi/10.3.1/../../../../arm-none-eabi/lib/thumb/v7-m/nofp\libc_nano.a(lib_a-memset.o)
 .ARM.attributes
                0x0000000000000287       0x1d d:/stm32cubeide_1.7.0/stm32cubeide/plugins/com.st.stm32cube.ide.mcu.externaltools.gnu-tools-for-stm32.10.3-2021.10.win32_1.0.0.202111181127/tools/bin/../lib/gcc/arm-none-eabi/10.3.1/thumb/v7-m/nofp/crtn.o
OUTPUT(CO3009_MCU_PROJECT.elf elf32-littlearm)
LOAD linker stubs
LOAD d:/stm32cubeide_1.7.0/stm32cubeide/plugins/com.st.stm32cube.ide.mcu.externaltools.gnu-tools-for-stm32.10.3-2021.10.win32_1.0.0.202111181127/tools/bin/../lib/gcc/arm-none-eabi/10.3.1/../../../../arm-none-eabi/lib/thumb/v7-m/nofp\libc.a
LOAD d:/stm32cubeide_1.7.0/stm32cubeide/plugins/com.st.stm32cube.ide.mcu.externaltools.gnu-tools-for-stm32.10.3-2021.10.win32_1.0.0.202111181127/tools/bin/../lib/gcc/arm-none-eabi/10.3.1/../../../../arm-none-eabi/lib/thumb/v7-m/nofp\libm.a
LOAD d:/stm32cubeide_1.7.0/stm32cubeide/plugins/com.st.stm32cube.ide.mcu.externaltools.gnu-tools-for-stm32.10.3-2021.10.win32_1.0.0.202111181127/tools/bin/../lib/gcc/arm-none-eabi/10.3.1/thumb/v7-m/nofp\libgcc.a

.debug_info     0x0000000000000000     0x7947
 .debug_info    0x0000000000000000      0xcd0 ./Core/Src/main.o
 .debug_info    0x0000000000000cd0      0x93c ./Core/Src/stm32f1xx_hal_msp.o
 .debug_info    0x000000000000160c      0x122 ./Core/Src/stm32f1xx_it.o
 .debug_info    0x000000000000172e      0x23d ./Core/Src/system_stm32f1xx.o
 .debug_info    0x000000000000196b       0x22 ./Core/Startup/startup_stm32f103rbtx.o
 .debug_info    0x000000000000198d      0x734 ./Drivers/STM32F1xx_HAL_Driver/Src/stm32f1xx_hal.o
 .debug_info    0x00000000000020c1      0xb20 ./Drivers/STM32F1xx_HAL_Driver/Src/stm32f1xx_hal_cortex.o
 .debug_info    0x0000000000002be1      0x615 ./Drivers/STM32F1xx_HAL_Driver/Src/stm32f1xx_hal_gpio.o
 .debug_info    0x00000000000031f6      0x860 ./Drivers/STM32F1xx_HAL_Driver/Src/stm32f1xx_hal_rcc.o
 .debug_info    0x0000000000003a56     0x29de ./Drivers/STM32F1xx_HAL_Driver/Src/stm32f1xx_hal_tim.o
 .debug_info    0x0000000000006434     0x1513 ./Drivers/STM32F1xx_HAL_Driver/Src/stm32f1xx_hal_tim_ex.o

.debug_abbrev   0x0000000000000000     0x1417
 .debug_abbrev  0x0000000000000000      0x286 ./Core/Src/main.o
 .debug_abbrev  0x0000000000000286      0x1c3 ./Core/Src/stm32f1xx_hal_msp.o
 .debug_abbrev  0x0000000000000449       0x74 ./Core/Src/stm32f1xx_it.o
 .debug_abbrev  0x00000000000004bd      0x13b ./Core/Src/system_stm32f1xx.o
 .debug_abbrev  0x00000000000005f8       0x12 ./Core/Startup/startup_stm32f103rbtx.o
 .debug_abbrev  0x000000000000060a      0x1fb ./Drivers/STM32F1xx_HAL_Driver/Src/stm32f1xx_hal.o
 .debug_abbrev  0x0000000000000805      0x2ed ./Drivers/STM32F1xx_HAL_Driver/Src/stm32f1xx_hal_cortex.o
 .debug_abbrev  0x0000000000000af2      0x1bb ./Drivers/STM32F1xx_HAL_Driver/Src/stm32f1xx_hal_gpio.o
 .debug_abbrev  0x0000000000000cad      0x2a8 ./Drivers/STM32F1xx_HAL_Driver/Src/stm32f1xx_hal_rcc.o
 .debug_abbrev  0x0000000000000f55      0x25d ./Drivers/STM32F1xx_HAL_Driver/Src/stm32f1xx_hal_tim.o
 .debug_abbrev  0x00000000000011b2      0x265 ./Drivers/STM32F1xx_HAL_Driver/Src/stm32f1xx_hal_tim_ex.o

.debug_aranges  0x0000000000000000      0x930
 .debug_aranges
                0x0000000000000000       0x48 ./Core/Src/main.o
 .debug_aranges
                0x0000000000000048       0x38 ./Core/Src/stm32f1xx_hal_msp.o
 .debug_aranges
                0x0000000000000080       0x60 ./Core/Src/stm32f1xx_it.o
 .debug_aranges
                0x00000000000000e0       0x28 ./Core/Src/system_stm32f1xx.o
 .debug_aranges
                0x0000000000000108       0x28 ./Core/Startup/startup_stm32f103rbtx.o
 .debug_aranges
                0x0000000000000130       0xe0 ./Drivers/STM32F1xx_HAL_Driver/Src/stm32f1xx_hal.o
 .debug_aranges
                0x0000000000000210      0x100 ./Drivers/STM32F1xx_HAL_Driver/Src/stm32f1xx_hal_cortex.o
 .debug_aranges
                0x0000000000000310       0x58 ./Drivers/STM32F1xx_HAL_Driver/Src/stm32f1xx_hal_gpio.o
 .debug_aranges
                0x0000000000000368       0x90 ./Drivers/STM32F1xx_HAL_Driver/Src/stm32f1xx_hal_rcc.o
 .debug_aranges
                0x00000000000003f8      0x3d0 ./Drivers/STM32F1xx_HAL_Driver/Src/stm32f1xx_hal_tim.o
 .debug_aranges
                0x00000000000007c8      0x168 ./Drivers/STM32F1xx_HAL_Driver/Src/stm32f1xx_hal_tim_ex.o

.debug_ranges   0x0000000000000000      0x888
 .debug_ranges  0x0000000000000000       0x38 ./Core/Src/main.o
 .debug_ranges  0x0000000000000038       0x28 ./Core/Src/stm32f1xx_hal_msp.o
 .debug_ranges  0x0000000000000060       0x50 ./Core/Src/stm32f1xx_it.o
 .debug_ranges  0x00000000000000b0       0x18 ./Core/Src/system_stm32f1xx.o
 .debug_ranges  0x00000000000000c8       0x20 ./Core/Startup/startup_stm32f103rbtx.o
 .debug_ranges  0x00000000000000e8       0xd0 ./Drivers/STM32F1xx_HAL_Driver/Src/stm32f1xx_hal.o
 .debug_ranges  0x00000000000001b8       0xf0 ./Drivers/STM32F1xx_HAL_Driver/Src/stm32f1xx_hal_cortex.o
 .debug_ranges  0x00000000000002a8       0x48 ./Drivers/STM32F1xx_HAL_Driver/Src/stm32f1xx_hal_gpio.o
 .debug_ranges  0x00000000000002f0       0x80 ./Drivers/STM32F1xx_HAL_Driver/Src/stm32f1xx_hal_rcc.o
 .debug_ranges  0x0000000000000370      0x3c0 ./Drivers/STM32F1xx_HAL_Driver/Src/stm32f1xx_hal_tim.o
 .debug_ranges  0x0000000000000730      0x158 ./Drivers/STM32F1xx_HAL_Driver/Src/stm32f1xx_hal_tim_ex.o

.debug_macro    0x0000000000000000    0x168c9
 .debug_macro   0x0000000000000000      0x1b1 ./Core/Src/main.o
 .debug_macro   0x00000000000001b1      0xa6c ./Core/Src/main.o
 .debug_macro   0x0000000000000c1d      0x215 ./Core/Src/main.o
 .debug_macro   0x0000000000000e32       0x2e ./Core/Src/main.o
 .debug_macro   0x0000000000000e60       0x22 ./Core/Src/main.o
 .debug_macro   0x0000000000000e82       0x22 ./Core/Src/main.o
 .debug_macro   0x0000000000000ea4       0x8e ./Core/Src/main.o
 .debug_macro   0x0000000000000f32       0x51 ./Core/Src/main.o
 .debug_macro   0x0000000000000f83      0x103 ./Core/Src/main.o
 .debug_macro   0x0000000000001086       0x6a ./Core/Src/main.o
 .debug_macro   0x00000000000010f0      0x1df ./Core/Src/main.o
 .debug_macro   0x00000000000012cf       0x1c ./Core/Src/main.o
 .debug_macro   0x00000000000012eb       0x22 ./Core/Src/main.o
 .debug_macro   0x000000000000130d       0xbd ./Core/Src/main.o
 .debug_macro   0x00000000000013ca      0xd23 ./Core/Src/main.o
 .debug_macro   0x00000000000020ed     0xe09e ./Core/Src/main.o
 .debug_macro   0x000000000001018b       0x6d ./Core/Src/main.o
 .debug_macro   0x00000000000101f8     0x3468 ./Core/Src/main.o
 .debug_macro   0x0000000000013660      0x174 ./Core/Src/main.o
 .debug_macro   0x00000000000137d4       0x5c ./Core/Src/main.o
 .debug_macro   0x0000000000013830      0x5be ./Core/Src/main.o
 .debug_macro   0x0000000000013dee      0x289 ./Core/Src/main.o
 .debug_macro   0x0000000000014077      0x1cb ./Core/Src/main.o
 .debug_macro   0x0000000000014242      0x114 ./Core/Src/main.o
 .debug_macro   0x0000000000014356      0x1b2 ./Core/Src/main.o
 .debug_macro   0x0000000000014508       0x27 ./Core/Src/main.o
 .debug_macro   0x000000000001452f      0x136 ./Core/Src/main.o
 .debug_macro   0x0000000000014665      0x1bc ./Core/Src/main.o
 .debug_macro   0x0000000000014821       0x34 ./Core/Src/main.o
 .debug_macro   0x0000000000014855       0x3c ./Core/Src/main.o
 .debug_macro   0x0000000000014891       0x57 ./Core/Src/main.o
 .debug_macro   0x00000000000148e8       0x88 ./Core/Src/main.o
 .debug_macro   0x0000000000014970      0x241 ./Core/Src/main.o
 .debug_macro   0x0000000000014bb1      0x141 ./Core/Src/main.o
 .debug_macro   0x0000000000014cf2      0x8d1 ./Core/Src/main.o
 .debug_macro   0x00000000000155c3       0x83 ./Core/Src/main.o
 .debug_macro   0x0000000000015646       0x64 ./Core/Src/main.o
 .debug_macro   0x00000000000156aa      0x2f4 ./Core/Src/main.o
 .debug_macro   0x000000000001599e      0x1a8 ./Core/Src/stm32f1xx_hal_msp.o
 .debug_macro   0x0000000000015b46      0x1b2 ./Core/Src/stm32f1xx_it.o
 .debug_macro   0x0000000000015cf8      0x199 ./Core/Src/system_stm32f1xx.o
 .debug_macro   0x0000000000015e91      0x1bd ./Drivers/STM32F1xx_HAL_Driver/Src/stm32f1xx_hal.o
 .debug_macro   0x000000000001604e      0x199 ./Drivers/STM32F1xx_HAL_Driver/Src/stm32f1xx_hal_cortex.o
 .debug_macro   0x00000000000161e7      0x204 ./Drivers/STM32F1xx_HAL_Driver/Src/stm32f1xx_hal_gpio.o
 .debug_macro   0x00000000000163eb      0x1ab ./Drivers/STM32F1xx_HAL_Driver/Src/stm32f1xx_hal_rcc.o
 .debug_macro   0x0000000000016596      0x19a ./Drivers/STM32F1xx_HAL_Driver/Src/stm32f1xx_hal_tim.o
 .debug_macro   0x0000000000016730      0x199 ./Drivers/STM32F1xx_HAL_Driver/Src/stm32f1xx_hal_tim_ex.o

.debug_line     0x0000000000000000     0x91ee
 .debug_line    0x0000000000000000      0x7bc ./Core/Src/main.o
 .debug_line    0x00000000000007bc      0x6ae ./Core/Src/stm32f1xx_hal_msp.o
 .debug_line    0x0000000000000e6a      0x70c ./Core/Src/stm32f1xx_it.o
 .debug_line    0x0000000000001576      0x6c8 ./Core/Src/system_stm32f1xx.o
 .debug_line    0x0000000000001c3e       0x87 ./Core/Startup/startup_stm32f103rbtx.o
 .debug_line    0x0000000000001cc5      0x8f5 ./Drivers/STM32F1xx_HAL_Driver/Src/stm32f1xx_hal.o
 .debug_line    0x00000000000025ba      0xadd ./Drivers/STM32F1xx_HAL_Driver/Src/stm32f1xx_hal_cortex.o
 .debug_line    0x0000000000003097      0x98c ./Drivers/STM32F1xx_HAL_Driver/Src/stm32f1xx_hal_gpio.o
 .debug_line    0x0000000000003a23      0xd03 ./Drivers/STM32F1xx_HAL_Driver/Src/stm32f1xx_hal_rcc.o
 .debug_line    0x0000000000004726     0x32ab ./Drivers/STM32F1xx_HAL_Driver/Src/stm32f1xx_hal_tim.o
 .debug_line    0x00000000000079d1     0x181d ./Drivers/STM32F1xx_HAL_Driver/Src/stm32f1xx_hal_tim_ex.o

.debug_str      0x0000000000000000    0x8456b
 .debug_str     0x0000000000000000    0x8235c ./Core/Src/main.o
                                      0x82733 (size before relaxing)
 .debug_str     0x000000000008235c       0x95 ./Core/Src/stm32f1xx_hal_msp.o
                                      0x81dae (size before relaxing)
 .debug_str     0x00000000000823f1       0xc9 ./Core/Src/stm32f1xx_it.o
                                      0x8185b (size before relaxing)
 .debug_str     0x00000000000824ba       0x88 ./Core/Src/system_stm32f1xx.o
                                      0x816f8 (size before relaxing)
 .debug_str     0x0000000000082542       0x36 ./Core/Startup/startup_stm32f103rbtx.o
                                         0x6b (size before relaxing)
 .debug_str     0x0000000000082578      0x607 ./Drivers/STM32F1xx_HAL_Driver/Src/stm32f1xx_hal.o
                                      0x81e2b (size before relaxing)
 .debug_str     0x0000000000082b7f      0x2bb ./Drivers/STM32F1xx_HAL_Driver/Src/stm32f1xx_hal_cortex.o
                                      0x81d77 (size before relaxing)
 .debug_str     0x0000000000082e3a      0x2f6 ./Drivers/STM32F1xx_HAL_Driver/Src/stm32f1xx_hal_gpio.o
                                      0x81a7e (size before relaxing)
 .debug_str     0x0000000000083130      0x229 ./Drivers/STM32F1xx_HAL_Driver/Src/stm32f1xx_hal_rcc.o
                                      0x81b27 (size before relaxing)
 .debug_str     0x0000000000083359      0xd7f ./Drivers/STM32F1xx_HAL_Driver/Src/stm32f1xx_hal_tim.o
                                      0x82b12 (size before relaxing)
 .debug_str     0x00000000000840d8      0x493 ./Drivers/STM32F1xx_HAL_Driver/Src/stm32f1xx_hal_tim_ex.o
                                      0x8232e (size before relaxing)

.comment        0x0000000000000000       0x50
 .comment       0x0000000000000000       0x50 ./Core/Src/main.o
                                         0x51 (size before relaxing)
 .comment       0x0000000000000050       0x51 ./Core/Src/stm32f1xx_hal_msp.o
 .comment       0x0000000000000050       0x51 ./Core/Src/stm32f1xx_it.o
 .comment       0x0000000000000050       0x51 ./Core/Src/system_stm32f1xx.o
 .comment       0x0000000000000050       0x51 ./Drivers/STM32F1xx_HAL_Driver/Src/stm32f1xx_hal.o
 .comment       0x0000000000000050       0x51 ./Drivers/STM32F1xx_HAL_Driver/Src/stm32f1xx_hal_cortex.o
 .comment       0x0000000000000050       0x51 ./Drivers/STM32F1xx_HAL_Driver/Src/stm32f1xx_hal_gpio.o
 .comment       0x0000000000000050       0x51 ./Drivers/STM32F1xx_HAL_Driver/Src/stm32f1xx_hal_rcc.o
 .comment       0x0000000000000050       0x51 ./Drivers/STM32F1xx_HAL_Driver/Src/stm32f1xx_hal_tim.o
 .comment       0x0000000000000050       0x51 ./Drivers/STM32F1xx_HAL_Driver/Src/stm32f1xx_hal_tim_ex.o

.debug_frame    0x0000000000000000     0x25d8
 .debug_frame   0x0000000000000000       0xd0 ./Core/Src/main.o
 .debug_frame   0x00000000000000d0       0xac ./Core/Src/stm32f1xx_hal_msp.o
 .debug_frame   0x000000000000017c      0x104 ./Core/Src/stm32f1xx_it.o
 .debug_frame   0x0000000000000280       0x58 ./Core/Src/system_stm32f1xx.o
 .debug_frame   0x00000000000002d8      0x334 ./Drivers/STM32F1xx_HAL_Driver/Src/stm32f1xx_hal.o
 .debug_frame   0x000000000000060c      0x428 ./Drivers/STM32F1xx_HAL_Driver/Src/stm32f1xx_hal_cortex.o
 .debug_frame   0x0000000000000a34      0x14c ./Drivers/STM32F1xx_HAL_Driver/Src/stm32f1xx_hal_gpio.o
 .debug_frame   0x0000000000000b80      0x21c ./Drivers/STM32F1xx_HAL_Driver/Src/stm32f1xx_hal_rcc.o
 .debug_frame   0x0000000000000d9c     0x11b8 ./Drivers/STM32F1xx_HAL_Driver/Src/stm32f1xx_hal_tim.o
 .debug_frame   0x0000000000001f54      0x638 ./Drivers/STM32F1xx_HAL_Driver/Src/stm32f1xx_hal_tim_ex.o
 .debug_frame   0x000000000000258c       0x2c d:/stm32cubeide_1.7.0/stm32cubeide/plugins/com.st.stm32cube.ide.mcu.externaltools.gnu-tools-for-stm32.10.3-2021.10.win32_1.0.0.202111181127/tools/bin/../lib/gcc/arm-none-eabi/10.3.1/../../../../arm-none-eabi/lib/thumb/v7-m/nofp\libc_nano.a(lib_a-init.o)
 .debug_frame   0x00000000000025b8       0x20 d:/stm32cubeide_1.7.0/stm32cubeide/plugins/com.st.stm32cube.ide.mcu.externaltools.gnu-tools-for-stm32.10.3-2021.10.win32_1.0.0.202111181127/tools/bin/../lib/gcc/arm-none-eabi/10.3.1/../../../../arm-none-eabi/lib/thumb/v7-m/nofp\libc_nano.a(lib_a-memset.o)
